[     231ms] [INFO] %cDownload the React DevTools for a better development experience: https://reactjs.org/link/react-devtools font-weight:bold @ http://localhost:5173/node_modules/.vite/deps/react-dom-DZQ9hRBr.js?v=0234295a:17230
[     302ms] [WARNING] ⚠️ React Router Future Flag Warning: React Router will begin wrapping state updates in `React.startTransition` in v7. You can use the `v7_startTransition` future flag to opt-in early. For more information, see https://reactrouter.com/v6/upgrading/future#v7_starttransition. @ http://localhost:5173/node_modules/.vite/deps/react-router-dom.js?v=0234295a:3613
[     302ms] [WARNING] ⚠️ React Router Future Flag Warning: Relative route resolution within Splat routes is changing in v7. You can use the `v7_relativeSplatPath` future flag to opt-in early. For more information, see https://reactrouter.com/v6/upgrading/future#v7_relativesplatpath. @ http://localhost:5173/node_modules/.vite/deps/react-router-dom.js?v=0234295a:3613
[     316ms] [WARNING] You are trying to animate backgroundColor from "rgba(0, 0, 0, 0)" to "transparent". rgba(0, 0, 0, 0) is not an animatable value - to enable this animation set rgba(0, 0, 0, 0) to a value animatable to transparent via the `style` property. @ http://localhost:5173/node_modules/.vite/deps/framer-motion.js?v=0234295a:418
[     317ms] [WARNING] You are trying to animate backgroundColor from "rgba(0, 0, 0, 0)" to "transparent". rgba(0, 0, 0, 0) is not an animatable value - to enable this animation set rgba(0, 0, 0, 0) to a value animatable to transparent via the `style` property. @ http://localhost:5173/node_modules/.vite/deps/framer-motion.js?v=0234295a:418
[     318ms] [WARNING] You are trying to animate backgroundColor from "rgba(0, 0, 0, 0)" to "transparent". rgba(0, 0, 0, 0) is not an animatable value - to enable this animation set rgba(0, 0, 0, 0) to a value animatable to transparent via the `style` property. @ http://localhost:5173/node_modules/.vite/deps/framer-motion.js?v=0234295a:418
[     318ms] [WARNING] You are trying to animate backgroundColor from "rgba(0, 0, 0, 0)" to "transparent". rgba(0, 0, 0, 0) is not an animatable value - to enable this animation set rgba(0, 0, 0, 0) to a value animatable to transparent via the `style` property. @ http://localhost:5173/node_modules/.vite/deps/framer-motion.js?v=0234295a:418
[     320ms] [WARNING] Invalid keyframe value for property filter: blur(-0.11564px) @ http://localhost:5173/node_modules/.vite/deps/framer-motion.js?v=0234295a:4656
[     320ms] [WARNING] Invalid keyframe value for property filter: blur(-0.28399px) @ http://localhost:5173/node_modules/.vite/deps/framer-motion.js?v=0234295a:4656
[     320ms] [WARNING] Invalid keyframe value for property filter: blur(-0.42811px) @ http://localhost:5173/node_modules/.vite/deps/framer-motion.js?v=0234295a:4656
[     320ms] [WARNING] Invalid keyframe value for property filter: blur(-0.54982px) @ http://localhost:5173/node_modules/.vite/deps/framer-motion.js?v=0234295a:4656
[     320ms] [WARNING] Invalid keyframe value for property filter: blur(-0.65089px) @ http://localhost:5173/node_modules/.vite/deps/framer-motion.js?v=0234295a:4656
[     320ms] [WARNING] Invalid keyframe value for property filter: blur(-0.73308px) @ http://localhost:5173/node_modules/.vite/deps/framer-motion.js?v=0234295a:4656
[     320ms] [WARNING] Invalid keyframe value for property filter: blur(-0.79806px) @ http://localhost:5173/node_modules/.vite/deps/framer-motion.js?v=0234295a:4656
[     320ms] [WARNING] Invalid keyframe value for property filter: blur(-0.84747px) @ http://localhost:5173/node_modules/.vite/deps/framer-motion.js?v=0234295a:4656
[     320ms] [WARNING] Invalid keyframe value for property filter: blur(-0.88286px) @ http://localhost:5173/node_modules/.vite/deps/framer-motion.js?v=0234295a:4656
[     321ms] [WARNING] Invalid keyframe value for property filter: blur(-0.90572px) @ http://localhost:5173/node_modules/.vite/deps/framer-motion.js?v=0234295a:4656
[     321ms] [WARNING] Invalid keyframe value for property filter: blur(-0.91745px) @ http://localhost:5173/node_modules/.vite/deps/framer-motion.js?v=0234295a:4656
[     321ms] [WARNING] Invalid keyframe value for property filter: blur(-0.91938px) @ http://localhost:5173/node_modules/.vite/deps/framer-motion.js?v=0234295a:4656
[     321ms] [WARNING] Invalid keyframe value for property filter: blur(-0.91276px) @ http://localhost:5173/node_modules/.vite/deps/framer-motion.js?v=0234295a:4656
[     321ms] [WARNING] Invalid keyframe value for property filter: blur(-0.89873px) @ http://localhost:5173/node_modules/.vite/deps/framer-motion.js?v=0234295a:4656
[     321ms] [WARNING] Invalid keyframe value for property filter: blur(-0.87839px) @ http://localhost:5173/node_modules/.vite/deps/framer-motion.js?v=0234295a:4656
[     321ms] [WARNING] Invalid keyframe value for property filter: blur(-0.85273px) @ http://localhost:5173/node_modules/.vite/deps/framer-motion.js?v=0234295a:4656
[     321ms] [WARNING] Invalid keyframe value for property filter: blur(-0.82267px) @ http://localhost:5173/node_modules/.vite/deps/framer-motion.js?v=0234295a:4656
[     322ms] [WARNING] Invalid keyframe value for property filter: blur(-0.78904px) @ http://localhost:5173/node_modules/.vite/deps/framer-motion.js?v=0234295a:4656
[     322ms] [WARNING] Invalid keyframe value for property filter: blur(-0.7526px) @ http://localhost:5173/node_modules/.vite/deps/framer-motion.js?v=0234295a:4656
[     322ms] [WARNING] Invalid keyframe value for property filter: blur(-0.71406px) @ http://localhost:5173/node_modules/.vite/deps/framer-motion.js?v=0234295a:4656
[     322ms] [WARNING] Invalid keyframe value for property filter: blur(-0.67402px) @ http://localhost:5173/node_modules/.vite/deps/framer-motion.js?v=0234295a:4656
[     322ms] [WARNING] Invalid keyframe value for property filter: blur(-0.63304px) @ http://localhost:5173/node_modules/.vite/deps/framer-motion.js?v=0234295a:4656
[     322ms] [WARNING] Invalid keyframe value for property filter: blur(-0.59161px) @ http://localhost:5173/node_modules/.vite/deps/framer-motion.js?v=0234295a:4656
[     322ms] [WARNING] Invalid keyframe value for property filter: blur(-0.55017px) @ http://localhost:5173/node_modules/.vite/deps/framer-motion.js?v=0234295a:4656
[     322ms] [WARNING] Invalid keyframe value for property filter: blur(-0.50909px) @ http://localhost:5173/node_modules/.vite/deps/framer-motion.js?v=0234295a:4656
[     322ms] [WARNING] Invalid keyframe value for property filter: blur(-0.4687px) @ http://localhost:5173/node_modules/.vite/deps/framer-motion.js?v=0234295a:4656
[     322ms] [WARNING] Invalid keyframe value for property filter: blur(-0.42927px) @ http://localhost:5173/node_modules/.vite/deps/framer-motion.js?v=0234295a:4656
[     322ms] [WARNING] Invalid keyframe value for property filter: blur(-0.39103px) @ http://localhost:5173/node_modules/.vite/deps/framer-motion.js?v=0234295a:4656
[     322ms] [WARNING] Invalid keyframe value for property filter: blur(-0.35418px) @ http://localhost:5173/node_modules/.vite/deps/framer-motion.js?v=0234295a:4656
[     323ms] [WARNING] Invalid keyframe value for property filter: blur(-0.31887px) @ http://localhost:5173/node_modules/.vite/deps/framer-motion.js?v=0234295a:4656
[     323ms] [WARNING] Invalid keyframe value for property filter: blur(-0.28522px) @ http://localhost:5173/node_modules/.vite/deps/framer-motion.js?v=0234295a:4656
[     323ms] [WARNING] Invalid keyframe value for property filter: blur(-0.25333px) @ http://localhost:5173/node_modules/.vite/deps/framer-motion.js?v=0234295a:4656
[     323ms] [WARNING] Invalid keyframe value for property filter: blur(-0.22325px) @ http://localhost:5173/node_modules/.vite/deps/framer-motion.js?v=0234295a:4656
[     323ms] [WARNING] Invalid keyframe value for property filter: blur(-0.19502px) @ http://localhost:5173/node_modules/.vite/deps/framer-motion.js?v=0234295a:4656
[     323ms] [WARNING] Invalid keyframe value for property filter: blur(-0.16867px) @ http://localhost:5173/node_modules/.vite/deps/framer-motion.js?v=0234295a:4656
[     323ms] [WARNING] Invalid keyframe value for property filter: blur(-0.14418px) @ http://localhost:5173/node_modules/.vite/deps/framer-motion.js?v=0234295a:4656
[     323ms] [WARNING] Invalid keyframe value for property filter: blur(-0.12154px) @ http://localhost:5173/node_modules/.vite/deps/framer-motion.js?v=0234295a:4656
[     323ms] [WARNING] Invalid keyframe value for property filter: blur(-0.10071px) @ http://localhost:5173/node_modules/.vite/deps/framer-motion.js?v=0234295a:4656
[     323ms] [WARNING] Invalid keyframe value for property filter: blur(-0.08166px) @ http://localhost:5173/node_modules/.vite/deps/framer-motion.js?v=0234295a:4656
[     323ms] [WARNING] Invalid keyframe value for property filter: blur(-0.06432px) @ http://localhost:5173/node_modules/.vite/deps/framer-motion.js?v=0234295a:4656
[     323ms] [WARNING] Invalid keyframe value for property filter: blur(-0.04862px) @ http://localhost:5173/node_modules/.vite/deps/framer-motion.js?v=0234295a:4656
[     324ms] [WARNING] Invalid keyframe value for property filter: blur(-0.03451px) @ http://localhost:5173/node_modules/.vite/deps/framer-motion.js?v=0234295a:4656
[     324ms] [WARNING] Invalid keyframe value for property filter: blur(-0.02191px) @ http://localhost:5173/node_modules/.vite/deps/framer-motion.js?v=0234295a:4656
[     324ms] [WARNING] Invalid keyframe value for property filter: blur(-0.01072px) @ http://localhost:5173/node_modules/.vite/deps/framer-motion.js?v=0234295a:4656
[     324ms] [WARNING] Invalid keyframe value for property filter: blur(-0.00088px) @ http://localhost:5173/node_modules/.vite/deps/framer-motion.js?v=0234295a:4656
[    5319ms] [WARNING] You are trying to animate backgroundColor from "rgba(99, 102, 241, 0.15)" to "transparent". rgba(99, 102, 241, 0.15) is not an animatable value - to enable this animation set rgba(99, 102, 241, 0.15) to a value animatable to transparent via the `style` property. @ http://localhost:5173/node_modules/.vite/deps/framer-motion.js?v=0234295a:418
[    5319ms] [WARNING] You are trying to animate backgroundColor from "transparent" to "rgba(99, 102, 241, 0.15)". transparent is not an animatable value - to enable this animation set transparent to a value animatable to rgba(99, 102, 241, 0.15) via the `style` property. @ http://localhost:5173/node_modules/.vite/deps/framer-motion.js?v=0234295a:418
[    8377ms] [WARNING] You are trying to animate backgroundColor from "transparent" to "rgba(99, 102, 241, 0.15)". transparent is not an animatable value - to enable this animation set transparent to a value animatable to rgba(99, 102, 241, 0.15) via the `style` property. @ http://localhost:5173/node_modules/.vite/deps/framer-motion.js?v=0234295a:418
[    8379ms] [WARNING] You are trying to animate backgroundColor from "rgba(99, 102, 241, 0.15)" to "transparent". rgba(99, 102, 241, 0.15) is not an animatable value - to enable this animation set rgba(99, 102, 241, 0.15) to a value animatable to transparent via the `style` property. @ http://localhost:5173/node_modules/.vite/deps/framer-motion.js?v=0234295a:418
[    8380ms] [WARNING] You are trying to animate backgroundColor from "transparent" to "rgba(99, 102, 241, 0.15)". transparent is not an animatable value - to enable this animation set transparent to a value animatable to rgba(99, 102, 241, 0.15) via the `style` property. @ http://localhost:5173/node_modules/.vite/deps/framer-motion.js?v=0234295a:418
[   12415ms] [WARNING] You are trying to animate backgroundColor from "rgba(99, 102, 241, 0.15)" to "transparent". rgba(99, 102, 241, 0.15) is not an animatable value - to enable this animation set rgba(99, 102, 241, 0.15) to a value animatable to transparent via the `style` property. @ http://localhost:5173/node_modules/.vite/deps/framer-motion.js?v=0234295a:418
[   12416ms] [WARNING] You are trying to animate backgroundColor from "rgba(99, 102, 241, 0.15)" to "transparent". rgba(99, 102, 241, 0.15) is not an animatable value - to enable this animation set rgba(99, 102, 241, 0.15) to a value animatable to transparent via the `style` property. @ http://localhost:5173/node_modules/.vite/deps/framer-motion.js?v=0234295a:418
[   12418ms] [WARNING] You are trying to animate backgroundColor from "transparent" to "rgba(99, 102, 241, 0.15)". transparent is not an animatable value - to enable this animation set transparent to a value animatable to rgba(99, 102, 241, 0.15) via the `style` property. @ http://localhost:5173/node_modules/.vite/deps/framer-motion.js?v=0234295a:418
[   18972ms] [WARNING] You are trying to animate backgroundColor from "rgba(99, 102, 241, 0.15)" to "transparent". rgba(99, 102, 241, 0.15) is not an animatable value - to enable this animation set rgba(99, 102, 241, 0.15) to a value animatable to transparent via the `style` property. @ http://localhost:5173/node_modules/.vite/deps/framer-motion.js?v=0234295a:418
[   22986ms] [WARNING] You are trying to animate backgroundColor from "transparent" to "rgba(99, 102, 241, 0.15)". transparent is not an animatable value - to enable this animation set transparent to a value animatable to rgba(99, 102, 241, 0.15) via the `style` property. @ http://localhost:5173/node_modules/.vite/deps/framer-motion.js?v=0234295a:418
[   27997ms] [WARNING] You are trying to animate backgroundColor from "rgba(99, 102, 241, 0.15)" to "transparent". rgba(99, 102, 241, 0.15) is not an animatable value - to enable this animation set rgba(99, 102, 241, 0.15) to a value animatable to transparent via the `style` property. @ http://localhost:5173/node_modules/.vite/deps/framer-motion.js?v=0234295a:418
[   27999ms] [WARNING] You are trying to animate backgroundColor from "transparent" to "rgba(99, 102, 241, 0.15)". transparent is not an animatable value - to enable this animation set transparent to a value animatable to rgba(99, 102, 241, 0.15) via the `style` property. @ http://localhost:5173/node_modules/.vite/deps/framer-motion.js?v=0234295a:418
[   31014ms] [WARNING] You are trying to animate backgroundColor from "transparent" to "rgba(99, 102, 241, 0.15)". transparent is not an animatable value - to enable this animation set transparent to a value animatable to rgba(99, 102, 241, 0.15) via the `style` property. @ http://localhost:5173/node_modules/.vite/deps/framer-motion.js?v=0234295a:418
[   31015ms] [WARNING] You are trying to animate backgroundColor from "rgba(99, 102, 241, 0.15)" to "transparent". rgba(99, 102, 241, 0.15) is not an animatable value - to enable this animation set rgba(99, 102, 241, 0.15) to a value animatable to transparent via the `style` property. @ http://localhost:5173/node_modules/.vite/deps/framer-motion.js?v=0234295a:418
[   31016ms] [WARNING] You are trying to animate backgroundColor from "transparent" to "rgba(99, 102, 241, 0.15)". transparent is not an animatable value - to enable this animation set transparent to a value animatable to rgba(99, 102, 241, 0.15) via the `style` property. @ http://localhost:5173/node_modules/.vite/deps/framer-motion.js?v=0234295a:418
[   35056ms] [WARNING] You are trying to animate backgroundColor from "rgba(99, 102, 241, 0.15)" to "transparent". rgba(99, 102, 241, 0.15) is not an animatable value - to enable this animation set rgba(99, 102, 241, 0.15) to a value animatable to transparent via the `style` property. @ http://localhost:5173/node_modules/.vite/deps/framer-motion.js?v=0234295a:418
[   35058ms] [WARNING] You are trying to animate backgroundColor from "rgba(99, 102, 241, 0.15)" to "transparent". rgba(99, 102, 241, 0.15) is not an animatable value - to enable this animation set rgba(99, 102, 241, 0.15) to a value animatable to transparent via the `style` property. @ http://localhost:5173/node_modules/.vite/deps/framer-motion.js?v=0234295a:418
[   35060ms] [WARNING] You are trying to animate backgroundColor from "transparent" to "rgba(99, 102, 241, 0.15)". transparent is not an animatable value - to enable this animation set transparent to a value animatable to rgba(99, 102, 241, 0.15) via the `style` property. @ http://localhost:5173/node_modules/.vite/deps/framer-motion.js?v=0234295a:418
[   38506ms] [LOG] Initiating Firebase Google Auth... @ http://localhost:5173/src/pages/Login.tsx:58
[   57642ms] [WARNING] You are trying to animate backgroundColor from "rgba(0, 0, 0, 0)" to "transparent". rgba(0, 0, 0, 0) is not an animatable value - to enable this animation set rgba(0, 0, 0, 0) to a value animatable to transparent via the `style` property. @ http://localhost:5173/node_modules/.vite/deps/framer-motion.js?v=0234295a:418
[   57644ms] [WARNING] You are trying to animate backgroundColor from "rgba(0, 0, 0, 0)" to "transparent". rgba(0, 0, 0, 0) is not an animatable value - to enable this animation set rgba(0, 0, 0, 0) to a value animatable to transparent via the `style` property. @ http://localhost:5173/node_modules/.vite/deps/framer-motion.js?v=0234295a:418
[   57644ms] [WARNING] You are trying to animate backgroundColor from "rgba(0, 0, 0, 0)" to "transparent". rgba(0, 0, 0, 0) is not an animatable value - to enable this animation set rgba(0, 0, 0, 0) to a value animatable to transparent via the `style` property. @ http://localhost:5173/node_modules/.vite/deps/framer-motion.js?v=0234295a:418
[   57644ms] [WARNING] You are trying to animate backgroundColor from "rgba(0, 0, 0, 0)" to "transparent". rgba(0, 0, 0, 0) is not an animatable value - to enable this animation set rgba(0, 0, 0, 0) to a value animatable to transparent via the `style` property. @ http://localhost:5173/node_modules/.vite/deps/framer-motion.js?v=0234295a:418
[   57647ms] [WARNING] Invalid keyframe value for property filter: blur(-0.11564px) @ http://localhost:5173/node_modules/.vite/deps/framer-motion.js?v=0234295a:4656
[   57647ms] [WARNING] Invalid keyframe value for property filter: blur(-0.28399px) @ http://localhost:5173/node_modules/.vite/deps/framer-motion.js?v=0234295a:4656
[   57647ms] [WARNING] Invalid keyframe value for property filter: blur(-0.42811px) @ http://localhost:5173/node_modules/.vite/deps/framer-motion.js?v=0234295a:4656
[   57647ms] [WARNING] Invalid keyframe value for property filter: blur(-0.54982px) @ http://localhost:5173/node_modules/.vite/deps/framer-motion.js?v=0234295a:4656
[   57647ms] [WARNING] Invalid keyframe value for property filter: blur(-0.65089px) @ http://localhost:5173/node_modules/.vite/deps/framer-motion.js?v=0234295a:4656
[   57647ms] [WARNING] Invalid keyframe value for property filter: blur(-0.73308px) @ http://localhost:5173/node_modules/.vite/deps/framer-motion.js?v=0234295a:4656
[   57647ms] [WARNING] Invalid keyframe value for property filter: blur(-0.79806px) @ http://localhost:5173/node_modules/.vite/deps/framer-motion.js?v=0234295a:4656
[   57648ms] [WARNING] Invalid keyframe value for property filter: blur(-0.84747px) @ http://localhost:5173/node_modules/.vite/deps/framer-motion.js?v=0234295a:4656
[   57648ms] [WARNING] Invalid keyframe value for property filter: blur(-0.88286px) @ http://localhost:5173/node_modules/.vite/deps/framer-motion.js?v=0234295a:4656
[   57648ms] [WARNING] Invalid keyframe value for property filter: blur(-0.90572px) @ http://localhost:5173/node_modules/.vite/deps/framer-motion.js?v=0234295a:4656
[   57648ms] [WARNING] Invalid keyframe value for property filter: blur(-0.91745px) @ http://localhost:5173/node_modules/.vite/deps/framer-motion.js?v=0234295a:4656
[   57648ms] [WARNING] Invalid keyframe value for property filter: blur(-0.91938px) @ http://localhost:5173/node_modules/.vite/deps/framer-motion.js?v=0234295a:4656
[   57648ms] [WARNING] Invalid keyframe value for property filter: blur(-0.91276px) @ http://localhost:5173/node_modules/.vite/deps/framer-motion.js?v=0234295a:4656
[   57648ms] [WARNING] Invalid keyframe value for property filter: blur(-0.89873px) @ http://localhost:5173/node_modules/.vite/deps/framer-motion.js?v=0234295a:4656
[   57649ms] [WARNING] Invalid keyframe value for property filter: blur(-0.87839px) @ http://localhost:5173/node_modules/.vite/deps/framer-motion.js?v=0234295a:4656
[   57649ms] [WARNING] Invalid keyframe value for property filter: blur(-0.85273px) @ http://localhost:5173/node_modules/.vite/deps/framer-motion.js?v=0234295a:4656
[   57649ms] [WARNING] Invalid keyframe value for property filter: blur(-0.82267px) @ http://localhost:5173/node_modules/.vite/deps/framer-motion.js?v=0234295a:4656
[   57649ms] [WARNING] Invalid keyframe value for property filter: blur(-0.78904px) @ http://localhost:5173/node_modules/.vite/deps/framer-motion.js?v=0234295a:4656
[   57649ms] [WARNING] Invalid keyframe value for property filter: blur(-0.7526px) @ http://localhost:5173/node_modules/.vite/deps/framer-motion.js?v=0234295a:4656
[   57649ms] [WARNING] Invalid keyframe value for property filter: blur(-0.71406px) @ http://localhost:5173/node_modules/.vite/deps/framer-motion.js?v=0234295a:4656
[   57650ms] [WARNING] Invalid keyframe value for property filter: blur(-0.67402px) @ http://localhost:5173/node_modules/.vite/deps/framer-motion.js?v=0234295a:4656
[   57650ms] [WARNING] Invalid keyframe value for property filter: blur(-0.63304px) @ http://localhost:5173/node_modules/.vite/deps/framer-motion.js?v=0234295a:4656
[   57650ms] [WARNING] Invalid keyframe value for property filter: blur(-0.59161px) @ http://localhost:5173/node_modules/.vite/deps/framer-motion.js?v=0234295a:4656
[   57650ms] [WARNING] Invalid keyframe value for property filter: blur(-0.55017px) @ http://localhost:5173/node_modules/.vite/deps/framer-motion.js?v=0234295a:4656
[   57650ms] [WARNING] Invalid keyframe value for property filter: blur(-0.50909px) @ http://localhost:5173/node_modules/.vite/deps/framer-motion.js?v=0234295a:4656
[   57650ms] [WARNING] Invalid keyframe value for property filter: blur(-0.4687px) @ http://localhost:5173/node_modules/.vite/deps/framer-motion.js?v=0234295a:4656
[   57650ms] [WARNING] Invalid keyframe value for property filter: blur(-0.42927px) @ http://localhost:5173/node_modules/.vite/deps/framer-motion.js?v=0234295a:4656
[   57650ms] [WARNING] Invalid keyframe value for property filter: blur(-0.39103px) @ http://localhost:5173/node_modules/.vite/deps/framer-motion.js?v=0234295a:4656
[   57651ms] [WARNING] Invalid keyframe value for property filter: blur(-0.35418px) @ http://localhost:5173/node_modules/.vite/deps/framer-motion.js?v=0234295a:4656
[   57651ms] [WARNING] Invalid keyframe value for property filter: blur(-0.31887px) @ http://localhost:5173/node_modules/.vite/deps/framer-motion.js?v=0234295a:4656
[   57651ms] [WARNING] Invalid keyframe value for property filter: blur(-0.28522px) @ http://localhost:5173/node_modules/.vite/deps/framer-motion.js?v=0234295a:4656
[   57651ms] [WARNING] Invalid keyframe value for property filter: blur(-0.25333px) @ http://localhost:5173/node_modules/.vite/deps/framer-motion.js?v=0234295a:4656
[   57651ms] [WARNING] Invalid keyframe value for property filter: blur(-0.22325px) @ http://localhost:5173/node_modules/.vite/deps/framer-motion.js?v=0234295a:4656
[   57651ms] [WARNING] Invalid keyframe value for property filter: blur(-0.19502px) @ http://localhost:5173/node_modules/.vite/deps/framer-motion.js?v=0234295a:4656
[   57651ms] [WARNING] Invalid keyframe value for property filter: blur(-0.16867px) @ http://localhost:5173/node_modules/.vite/deps/framer-motion.js?v=0234295a:4656
[   57651ms] [WARNING] Invalid keyframe value for property filter: blur(-0.14418px) @ http://localhost:5173/node_modules/.vite/deps/framer-motion.js?v=0234295a:4656
[   57651ms] [WARNING] Invalid keyframe value for property filter: blur(-0.12154px) @ http://localhost:5173/node_modules/.vite/deps/framer-motion.js?v=0234295a:4656
[   57651ms] [WARNING] Invalid keyframe value for property filter: blur(-0.10071px) @ http://localhost:5173/node_modules/.vite/deps/framer-motion.js?v=0234295a:4656
[   57652ms] [WARNING] Invalid keyframe value for property filter: blur(-0.08166px) @ http://localhost:5173/node_modules/.vite/deps/framer-motion.js?v=0234295a:4656
[   57652ms] [WARNING] Invalid keyframe value for property filter: blur(-0.06432px) @ http://localhost:5173/node_modules/.vite/deps/framer-motion.js?v=0234295a:4656
[   57652ms] [WARNING] Invalid keyframe value for property filter: blur(-0.04862px) @ http://localhost:5173/node_modules/.vite/deps/framer-motion.js?v=0234295a:4656
[   57652ms] [WARNING] Invalid keyframe value for property filter: blur(-0.03451px) @ http://localhost:5173/node_modules/.vite/deps/framer-motion.js?v=0234295a:4656
[   57652ms] [WARNING] Invalid keyframe value for property filter: blur(-0.02191px) @ http://localhost:5173/node_modules/.vite/deps/framer-motion.js?v=0234295a:4656
[   57653ms] [WARNING] Invalid keyframe value for property filter: blur(-0.01072px) @ http://localhost:5173/node_modules/.vite/deps/framer-motion.js?v=0234295a:4656
[   57653ms] [WARNING] Invalid keyframe value for property filter: blur(-0.00088px) @ http://localhost:5173/node_modules/.vite/deps/framer-motion.js?v=0234295a:4656
[   62660ms] [WARNING] You are trying to animate backgroundColor from "rgba(99, 102, 241, 0.15)" to "transparent". rgba(99, 102, 241, 0.15) is not an animatable value - to enable this animation set rgba(99, 102, 241, 0.15) to a value animatable to transparent via the `style` property. @ http://localhost:5173/node_modules/.vite/deps/framer-motion.js?v=0234295a:418
[   62661ms] [WARNING] You are trying to animate backgroundColor from "transparent" to "rgba(99, 102, 241, 0.15)". transparent is not an animatable value - to enable this animation set transparent to a value animatable to rgba(99, 102, 241, 0.15) via the `style` property. @ http://localhost:5173/node_modules/.vite/deps/framer-motion.js?v=0234295a:418
[   65669ms] [WARNING] You are trying to animate backgroundColor from "transparent" to "rgba(99, 102, 241, 0.15)". transparent is not an animatable value - to enable this animation set transparent to a value animatable to rgba(99, 102, 241, 0.15) via the `style` property. @ http://localhost:5173/node_modules/.vite/deps/framer-motion.js?v=0234295a:418
[   65671ms] [WARNING] You are trying to animate backgroundColor from "rgba(99, 102, 241, 0.15)" to "transparent". rgba(99, 102, 241, 0.15) is not an animatable value - to enable this animation set rgba(99, 102, 241, 0.15) to a value animatable to transparent via the `style` property. @ http://localhost:5173/node_modules/.vite/deps/framer-motion.js?v=0234295a:418
[   65672ms] [WARNING] You are trying to animate backgroundColor from "transparent" to "rgba(99, 102, 241, 0.15)". transparent is not an animatable value - to enable this animation set transparent to a value animatable to rgba(99, 102, 241, 0.15) via the `style` property. @ http://localhost:5173/node_modules/.vite/deps/framer-motion.js?v=0234295a:418
[   69694ms] [WARNING] You are trying to animate backgroundColor from "rgba(99, 102, 241, 0.15)" to "transparent". rgba(99, 102, 241, 0.15) is not an animatable value - to enable this animation set rgba(99, 102, 241, 0.15) to a value animatable to transparent via the `style` property. @ http://localhost:5173/node_modules/.vite/deps/framer-motion.js?v=0234295a:418
[   69695ms] [WARNING] You are trying to animate backgroundColor from "rgba(99, 102, 241, 0.15)" to "transparent". rgba(99, 102, 241, 0.15) is not an animatable value - to enable this animation set rgba(99, 102, 241, 0.15) to a value animatable to transparent via the `style` property. @ http://localhost:5173/node_modules/.vite/deps/framer-motion.js?v=0234295a:418
[   69696ms] [WARNING] You are trying to animate backgroundColor from "transparent" to "rgba(99, 102, 241, 0.15)". transparent is not an animatable value - to enable this animation set transparent to a value animatable to rgba(99, 102, 241, 0.15) via the `style` property. @ http://localhost:5173/node_modules/.vite/deps/framer-motion.js?v=0234295a:418
[   76242ms] [WARNING] You are trying to animate backgroundColor from "rgba(99, 102, 241, 0.15)" to "transparent". rgba(99, 102, 241, 0.15) is not an animatable value - to enable this animation set rgba(99, 102, 241, 0.15) to a value animatable to transparent via the `style` property. @ http://localhost:5173/node_modules/.vite/deps/framer-motion.js?v=0234295a:418
[   80254ms] [WARNING] You are trying to animate backgroundColor from "transparent" to "rgba(99, 102, 241, 0.15)". transparent is not an animatable value - to enable this animation set transparent to a value animatable to rgba(99, 102, 241, 0.15) via the `style` property. @ http://localhost:5173/node_modules/.vite/deps/framer-motion.js?v=0234295a:418
